[2026-07-11T08:30:08.442+0530] {manager.py:483} INFO - Processing files using up to 1 processes at a time 
[2026-07-11T08:30:08.442+0530] {manager.py:484} INFO - Process each file at most once every 30 seconds
[2026-07-11T08:30:08.442+0530] {manager.py:485} INFO - Checking for new files in /Users/sathya/Projects/Agentic-auto-ml/airflow/dags every 300 seconds
[2026-07-11T08:30:08.442+0530] {manager.py:821} INFO - Searching for files in /Users/sathya/Projects/Agentic-auto-ml/airflow/dags
[2026-07-11T08:30:08.444+0530] {manager.py:824} INFO - There are 1 files in /Users/sathya/Projects/Agentic-auto-ml/airflow/dags
[2026-07-11T08:30:18.304+0530] {manager.py:997} INFO - 
================================================================================
DAG File Processing Stats

File Path                                                                         PID    Runtime      # DAGs    # Errors  Last Runtime    Last Run               Last # of DB Queries
--------------------------------------------------------------------------------  -----  ---------  --------  ----------  --------------  -------------------  ----------------------
/Users/sathya/Projects/Agentic-auto-ml/airflow/dags/logical_transform_etl_dag.py                           1           0  9.79s           2026-07-11T03:00:18                      43
================================================================================
[2026-07-11T08:30:50.055+0530] {manager.py:997} INFO - 
================================================================================
DAG File Processing Stats

File Path                                                                         PID    Runtime      # DAGs    # Errors  Last Runtime    Last Run               Last # of DB Queries
--------------------------------------------------------------------------------  -----  ---------  --------  ----------  --------------  -------------------  ----------------------
/Users/sathya/Projects/Agentic-auto-ml/airflow/dags/logical_transform_etl_dag.py                           1           0  1.66s           2026-07-11T03:00:50                      10
================================================================================
[2026-07-11T08:31:21.692+0530] {manager.py:997} INFO - 
================================================================================
DAG File Processing Stats

File Path                                                                         PID    Runtime      # DAGs    # Errors  Last Runtime    Last Run               Last # of DB Queries
--------------------------------------------------------------------------------  -----  ---------  --------  ----------  --------------  -------------------  ----------------------
/Users/sathya/Projects/Agentic-auto-ml/airflow/dags/logical_transform_etl_dag.py                           1           0  1.56s           2026-07-11T03:01:21                      10
================================================================================
[2026-07-11T08:31:53.407+0530] {manager.py:997} INFO - 
================================================================================
DAG File Processing Stats

File Path                                                                         PID    Runtime      # DAGs    # Errors  Last Runtime    Last Run               Last # of DB Queries
--------------------------------------------------------------------------------  -----  ---------  --------  ----------  --------------  -------------------  ----------------------
/Users/sathya/Projects/Agentic-auto-ml/airflow/dags/logical_transform_etl_dag.py                           1           0  1.65s           2026-07-11T03:01:53                      10
================================================================================
[2026-07-11T08:32:24.967+0530] {manager.py:997} INFO - 
================================================================================
DAG File Processing Stats

File Path                                                                         PID    Runtime      # DAGs    # Errors  Last Runtime    Last Run               Last # of DB Queries
--------------------------------------------------------------------------------  -----  ---------  --------  ----------  --------------  -------------------  ----------------------
/Users/sathya/Projects/Agentic-auto-ml/airflow/dags/logical_transform_etl_dag.py                           1           0  1.51s           2026-07-11T03:02:24                      10
================================================================================
[2026-07-11T08:32:56.480+0530] {manager.py:997} INFO - 
================================================================================
DAG File Processing Stats

File Path                                                                         PID    Runtime      # DAGs    # Errors  Last Runtime    Last Run               Last # of DB Queries
--------------------------------------------------------------------------------  -----  ---------  --------  ----------  --------------  -------------------  ----------------------
/Users/sathya/Projects/Agentic-auto-ml/airflow/dags/logical_transform_etl_dag.py                           1           0  1.46s           2026-07-11T03:02:56                      10
================================================================================
[2026-07-11T08:33:28.116+0530] {manager.py:997} INFO - 
================================================================================
DAG File Processing Stats

File Path                                                                         PID    Runtime      # DAGs    # Errors  Last Runtime    Last Run               Last # of DB Queries
--------------------------------------------------------------------------------  -----  ---------  --------  ----------  --------------  -------------------  ----------------------
/Users/sathya/Projects/Agentic-auto-ml/airflow/dags/logical_transform_etl_dag.py                           1           0  1.59s           2026-07-11T03:03:28                      10
================================================================================
[2026-07-11T08:33:59.518+0530] {manager.py:997} INFO - 
================================================================================
DAG File Processing Stats

File Path                                                                         PID    Runtime      # DAGs    # Errors  Last Runtime    Last Run               Last # of DB Queries
--------------------------------------------------------------------------------  -----  ---------  --------  ----------  --------------  -------------------  ----------------------
/Users/sathya/Projects/Agentic-auto-ml/airflow/dags/logical_transform_etl_dag.py                           1           0  1.36s           2026-07-11T03:03:59                      10
================================================================================
[2026-07-11T08:34:31.068+0530] {manager.py:997} INFO - 
================================================================================
DAG File Processing Stats

File Path                                                                         PID    Runtime      # DAGs    # Errors  Last Runtime    Last Run               Last # of DB Queries
--------------------------------------------------------------------------------  -----  ---------  --------  ----------  --------------  -------------------  ----------------------
/Users/sathya/Projects/Agentic-auto-ml/airflow/dags/logical_transform_etl_dag.py                           1           0  1.50s           2026-07-11T03:04:31                      10
================================================================================
[2026-07-11T08:35:02.637+0530] {manager.py:997} INFO - 
================================================================================
DAG File Processing Stats

File Path                                                                         PID    Runtime      # DAGs    # Errors  Last Runtime    Last Run               Last # of DB Queries
--------------------------------------------------------------------------------  -----  ---------  --------  ----------  --------------  -------------------  ----------------------
/Users/sathya/Projects/Agentic-auto-ml/airflow/dags/logical_transform_etl_dag.py                           1           0  1.52s           2026-07-11T03:05:02                      10
================================================================================
[2026-07-11T08:35:08.868+0530] {manager.py:821} INFO - Searching for files in /Users/sathya/Projects/Agentic-auto-ml/airflow/dags
[2026-07-11T08:35:08.870+0530] {manager.py:824} INFO - There are 1 files in /Users/sathya/Projects/Agentic-auto-ml/airflow/dags
[2026-07-11T08:35:34.341+0530] {manager.py:997} INFO - 
================================================================================
DAG File Processing Stats

File Path                                                                         PID    Runtime      # DAGs    # Errors  Last Runtime    Last Run               Last # of DB Queries
--------------------------------------------------------------------------------  -----  ---------  --------  ----------  --------------  -------------------  ----------------------
/Users/sathya/Projects/Agentic-auto-ml/airflow/dags/logical_transform_etl_dag.py                           1           0  1.66s           2026-07-11T03:05:34                      10
================================================================================
[2026-07-11T08:36:06.107+0530] {manager.py:997} INFO - 
================================================================================
DAG File Processing Stats

File Path                                                                         PID    Runtime      # DAGs    # Errors  Last Runtime    Last Run               Last # of DB Queries
--------------------------------------------------------------------------------  -----  ---------  --------  ----------  --------------  -------------------  ----------------------
/Users/sathya/Projects/Agentic-auto-ml/airflow/dags/logical_transform_etl_dag.py                           1           0  1.72s           2026-07-11T03:06:06                      10
================================================================================
[2026-07-11T08:36:37.891+0530] {manager.py:997} INFO - 
================================================================================
DAG File Processing Stats

File Path                                                                         PID    Runtime      # DAGs    # Errors  Last Runtime    Last Run               Last # of DB Queries
--------------------------------------------------------------------------------  -----  ---------  --------  ----------  --------------  -------------------  ----------------------
/Users/sathya/Projects/Agentic-auto-ml/airflow/dags/logical_transform_etl_dag.py                           1           0  1.74s           2026-07-11T03:06:37                      10
================================================================================
[2026-07-11T08:37:09.701+0530] {manager.py:997} INFO - 
================================================================================
DAG File Processing Stats

File Path                                                                         PID    Runtime      # DAGs    # Errors  Last Runtime    Last Run               Last # of DB Queries
--------------------------------------------------------------------------------  -----  ---------  --------  ----------  --------------  -------------------  ----------------------
/Users/sathya/Projects/Agentic-auto-ml/airflow/dags/logical_transform_etl_dag.py                           1           0  1.76s           2026-07-11T03:07:09                      10
================================================================================
[2026-07-11T08:37:41.415+0530] {manager.py:997} INFO - 
================================================================================
DAG File Processing Stats

File Path                                                                         PID    Runtime      # DAGs    # Errors  Last Runtime    Last Run               Last # of DB Queries
--------------------------------------------------------------------------------  -----  ---------  --------  ----------  --------------  -------------------  ----------------------
/Users/sathya/Projects/Agentic-auto-ml/airflow/dags/logical_transform_etl_dag.py                           1           0  1.66s           2026-07-11T03:07:41                      10
================================================================================
[2026-07-11T08:38:12.914+0530] {manager.py:997} INFO - 
================================================================================
DAG File Processing Stats

File Path                                                                         PID    Runtime      # DAGs    # Errors  Last Runtime    Last Run               Last # of DB Queries
--------------------------------------------------------------------------------  -----  ---------  --------  ----------  --------------  -------------------  ----------------------
/Users/sathya/Projects/Agentic-auto-ml/airflow/dags/logical_transform_etl_dag.py                           1           0  1.45s           2026-07-11T03:08:12                      10
================================================================================
[2026-07-11T08:38:44.452+0530] {manager.py:997} INFO - 
================================================================================
DAG File Processing Stats

File Path                                                                         PID    Runtime      # DAGs    # Errors  Last Runtime    Last Run               Last # of DB Queries
--------------------------------------------------------------------------------  -----  ---------  --------  ----------  --------------  -------------------  ----------------------
/Users/sathya/Projects/Agentic-auto-ml/airflow/dags/logical_transform_etl_dag.py                           1           0  1.49s           2026-07-11T03:08:44                      10
================================================================================
[2026-07-11T08:39:16.017+0530] {manager.py:997} INFO - 
================================================================================
DAG File Processing Stats

File Path                                                                         PID    Runtime      # DAGs    # Errors  Last Runtime    Last Run               Last # of DB Queries
--------------------------------------------------------------------------------  -----  ---------  --------  ----------  --------------  -------------------  ----------------------
/Users/sathya/Projects/Agentic-auto-ml/airflow/dags/logical_transform_etl_dag.py                           1           0  1.51s           2026-07-11T03:09:16                      10
================================================================================
[2026-07-11T08:39:47.499+0530] {manager.py:997} INFO - 
================================================================================
DAG File Processing Stats

File Path                                                                         PID    Runtime      # DAGs    # Errors  Last Runtime    Last Run               Last # of DB Queries
--------------------------------------------------------------------------------  -----  ---------  --------  ----------  --------------  -------------------  ----------------------
/Users/sathya/Projects/Agentic-auto-ml/airflow/dags/logical_transform_etl_dag.py                           1           0  1.43s           2026-07-11T03:09:47                      10
================================================================================
[2026-07-11T08:40:08.973+0530] {manager.py:821} INFO - Searching for files in /Users/sathya/Projects/Agentic-auto-ml/airflow/dags
[2026-07-11T08:40:08.976+0530] {manager.py:824} INFO - There are 1 files in /Users/sathya/Projects/Agentic-auto-ml/airflow/dags
[2026-07-11T08:40:19.260+0530] {manager.py:997} INFO - 
================================================================================
DAG File Processing Stats

File Path                                                                         PID    Runtime      # DAGs    # Errors  Last Runtime    Last Run               Last # of DB Queries
--------------------------------------------------------------------------------  -----  ---------  --------  ----------  --------------  -------------------  ----------------------
/Users/sathya/Projects/Agentic-auto-ml/airflow/dags/logical_transform_etl_dag.py                           1           0  1.71s           2026-07-11T03:10:19                      10
================================================================================
[2026-07-11T08:40:50.963+0530] {manager.py:997} INFO - 
================================================================================
DAG File Processing Stats

File Path                                                                         PID    Runtime      # DAGs    # Errors  Last Runtime    Last Run               Last # of DB Queries
--------------------------------------------------------------------------------  -----  ---------  --------  ----------  --------------  -------------------  ----------------------
/Users/sathya/Projects/Agentic-auto-ml/airflow/dags/logical_transform_etl_dag.py                           1           0  1.65s           2026-07-11T03:10:50                      10
================================================================================
[2026-07-11T08:41:22.553+0530] {manager.py:997} INFO - 
================================================================================
DAG File Processing Stats

File Path                                                                         PID    Runtime      # DAGs    # Errors  Last Runtime    Last Run               Last # of DB Queries
--------------------------------------------------------------------------------  -----  ---------  --------  ----------  --------------  -------------------  ----------------------
/Users/sathya/Projects/Agentic-auto-ml/airflow/dags/logical_transform_etl_dag.py                           1           0  1.53s           2026-07-11T03:11:22                      10
================================================================================
[2026-07-11T08:41:54.203+0530] {manager.py:997} INFO - 
================================================================================
DAG File Processing Stats

File Path                                                                         PID    Runtime      # DAGs    # Errors  Last Runtime    Last Run               Last # of DB Queries
--------------------------------------------------------------------------------  -----  ---------  --------  ----------  --------------  -------------------  ----------------------
/Users/sathya/Projects/Agentic-auto-ml/airflow/dags/logical_transform_etl_dag.py                           1           0  1.60s           2026-07-11T03:11:54                      10
================================================================================
[2026-07-11T08:42:25.890+0530] {manager.py:997} INFO - 
================================================================================
DAG File Processing Stats

File Path                                                                         PID    Runtime      # DAGs    # Errors  Last Runtime    Last Run               Last # of DB Queries
--------------------------------------------------------------------------------  -----  ---------  --------  ----------  --------------  -------------------  ----------------------
/Users/sathya/Projects/Agentic-auto-ml/airflow/dags/logical_transform_etl_dag.py                           1           0  1.64s           2026-07-11T03:12:25                      10
================================================================================
[2026-07-11T08:42:57.406+0530] {manager.py:997} INFO - 
================================================================================
DAG File Processing Stats

File Path                                                                         PID    Runtime      # DAGs    # Errors  Last Runtime    Last Run               Last # of DB Queries
--------------------------------------------------------------------------------  -----  ---------  --------  ----------  --------------  -------------------  ----------------------
/Users/sathya/Projects/Agentic-auto-ml/airflow/dags/logical_transform_etl_dag.py                           1           0  1.46s           2026-07-11T03:12:57                      10
================================================================================
[2026-07-11T08:43:28.939+0530] {manager.py:997} INFO - 
================================================================================
DAG File Processing Stats

File Path                                                                         PID    Runtime      # DAGs    # Errors  Last Runtime    Last Run               Last # of DB Queries
--------------------------------------------------------------------------------  -----  ---------  --------  ----------  --------------  -------------------  ----------------------
/Users/sathya/Projects/Agentic-auto-ml/airflow/dags/logical_transform_etl_dag.py                           1           0  1.49s           2026-07-11T03:13:28                      10
================================================================================
[2026-07-11T08:44:00.685+0530] {manager.py:997} INFO - 
================================================================================
DAG File Processing Stats

File Path                                                                         PID    Runtime      # DAGs    # Errors  Last Runtime    Last Run               Last # of DB Queries
--------------------------------------------------------------------------------  -----  ---------  --------  ----------  --------------  -------------------  ----------------------
/Users/sathya/Projects/Agentic-auto-ml/airflow/dags/logical_transform_etl_dag.py                           1           0  1.70s           2026-07-11T03:14:00                      10
================================================================================
[2026-07-11T08:44:32.280+0530] {manager.py:997} INFO - 
================================================================================
DAG File Processing Stats

File Path                                                                         PID    Runtime      # DAGs    # Errors  Last Runtime    Last Run               Last # of DB Queries
--------------------------------------------------------------------------------  -----  ---------  --------  ----------  --------------  -------------------  ----------------------
/Users/sathya/Projects/Agentic-auto-ml/airflow/dags/logical_transform_etl_dag.py                           1           0  1.54s           2026-07-11T03:14:32                      10
================================================================================
[2026-07-11T08:45:04.157+0530] {manager.py:997} INFO - 
================================================================================
DAG File Processing Stats

File Path                                                                         PID    Runtime      # DAGs    # Errors  Last Runtime    Last Run               Last # of DB Queries
--------------------------------------------------------------------------------  -----  ---------  --------  ----------  --------------  -------------------  ----------------------
/Users/sathya/Projects/Agentic-auto-ml/airflow/dags/logical_transform_etl_dag.py                           1           0  1.81s           2026-07-11T03:15:04                      10
================================================================================
[2026-07-11T08:45:09.078+0530] {manager.py:821} INFO - Searching for files in /Users/sathya/Projects/Agentic-auto-ml/airflow/dags
[2026-07-11T08:45:09.080+0530] {manager.py:824} INFO - There are 1 files in /Users/sathya/Projects/Agentic-auto-ml/airflow/dags
[2026-07-11T08:45:35.780+0530] {manager.py:997} INFO - 
================================================================================
DAG File Processing Stats

File Path                                                                         PID    Runtime      # DAGs    # Errors  Last Runtime    Last Run               Last # of DB Queries
--------------------------------------------------------------------------------  -----  ---------  --------  ----------  --------------  -------------------  ----------------------
/Users/sathya/Projects/Agentic-auto-ml/airflow/dags/logical_transform_etl_dag.py                           1           0  1.56s           2026-07-11T03:15:35                      10
================================================================================
[2026-07-11T08:46:07.238+0530] {manager.py:997} INFO - 
================================================================================
DAG File Processing Stats

File Path                                                                         PID    Runtime      # DAGs    # Errors  Last Runtime    Last Run               Last # of DB Queries
--------------------------------------------------------------------------------  -----  ---------  --------  ----------  --------------  -------------------  ----------------------
/Users/sathya/Projects/Agentic-auto-ml/airflow/dags/logical_transform_etl_dag.py                           1           0  1.40s           2026-07-11T03:16:07                      10
================================================================================
[2026-07-11T08:46:39.122+0530] {manager.py:997} INFO - 
================================================================================
DAG File Processing Stats

File Path                                                                         PID    Runtime      # DAGs    # Errors  Last Runtime    Last Run               Last # of DB Queries
--------------------------------------------------------------------------------  -----  ---------  --------  ----------  --------------  -------------------  ----------------------
/Users/sathya/Projects/Agentic-auto-ml/airflow/dags/logical_transform_etl_dag.py                           1           0  1.83s           2026-07-11T03:16:39                      10
================================================================================
[2026-07-11T08:47:10.707+0530] {manager.py:997} INFO - 
================================================================================
DAG File Processing Stats

File Path                                                                         PID    Runtime      # DAGs    # Errors  Last Runtime    Last Run               Last # of DB Queries
--------------------------------------------------------------------------------  -----  ---------  --------  ----------  --------------  -------------------  ----------------------
/Users/sathya/Projects/Agentic-auto-ml/airflow/dags/logical_transform_etl_dag.py                           1           0  1.57s           2026-07-11T03:17:10                      10
================================================================================
[2026-07-11T08:47:42.275+0530] {manager.py:997} INFO - 
================================================================================
DAG File Processing Stats

File Path                                                                         PID    Runtime      # DAGs    # Errors  Last Runtime    Last Run               Last # of DB Queries
--------------------------------------------------------------------------------  -----  ---------  --------  ----------  --------------  -------------------  ----------------------
/Users/sathya/Projects/Agentic-auto-ml/airflow/dags/logical_transform_etl_dag.py                           1           0  1.51s           2026-07-11T03:17:42                      10
================================================================================
[2026-07-11T08:48:13.800+0530] {manager.py:997} INFO - 
================================================================================
DAG File Processing Stats

File Path                                                                         PID    Runtime      # DAGs    # Errors  Last Runtime    Last Run               Last # of DB Queries
--------------------------------------------------------------------------------  -----  ---------  --------  ----------  --------------  -------------------  ----------------------
/Users/sathya/Projects/Agentic-auto-ml/airflow/dags/logical_transform_etl_dag.py                           1           0  1.47s           2026-07-11T03:18:13                      10
================================================================================
[2026-07-11T08:48:45.329+0530] {manager.py:997} INFO - 
================================================================================
DAG File Processing Stats

File Path                                                                         PID    Runtime      # DAGs    # Errors  Last Runtime    Last Run               Last # of DB Queries
--------------------------------------------------------------------------------  -----  ---------  --------  ----------  --------------  -------------------  ----------------------
/Users/sathya/Projects/Agentic-auto-ml/airflow/dags/logical_transform_etl_dag.py                           1           0  1.48s           2026-07-11T03:18:45                      10
================================================================================
[2026-07-11T08:49:16.848+0530] {manager.py:997} INFO - 
================================================================================
DAG File Processing Stats

File Path                                                                         PID    Runtime      # DAGs    # Errors  Last Runtime    Last Run               Last # of DB Queries
--------------------------------------------------------------------------------  -----  ---------  --------  ----------  --------------  -------------------  ----------------------
/Users/sathya/Projects/Agentic-auto-ml/airflow/dags/logical_transform_etl_dag.py                           1           0  1.47s           2026-07-11T03:19:16                      10
================================================================================
[2026-07-11T08:49:48.910+0530] {manager.py:997} INFO - 
================================================================================
DAG File Processing Stats

File Path                                                                         PID    Runtime      # DAGs    # Errors  Last Runtime    Last Run               Last # of DB Queries
--------------------------------------------------------------------------------  -----  ---------  --------  ----------  --------------  -------------------  ----------------------
/Users/sathya/Projects/Agentic-auto-ml/airflow/dags/logical_transform_etl_dag.py                           1           0  2.01s           2026-07-11T03:19:48                      10
================================================================================
[2026-07-11T08:50:10.024+0530] {manager.py:821} INFO - Searching for files in /Users/sathya/Projects/Agentic-auto-ml/airflow/dags
[2026-07-11T08:50:10.027+0530] {manager.py:824} INFO - There are 1 files in /Users/sathya/Projects/Agentic-auto-ml/airflow/dags
[2026-07-11T08:50:20.430+0530] {manager.py:997} INFO - 
================================================================================
DAG File Processing Stats

File Path                                                                         PID    Runtime      # DAGs    # Errors  Last Runtime    Last Run               Last # of DB Queries
--------------------------------------------------------------------------------  -----  ---------  --------  ----------  --------------  -------------------  ----------------------
/Users/sathya/Projects/Agentic-auto-ml/airflow/dags/logical_transform_etl_dag.py                           1           0  1.47s           2026-07-11T03:20:20                      10
================================================================================
[2026-07-11T08:50:52.142+0530] {manager.py:997} INFO - 
================================================================================
DAG File Processing Stats

File Path                                                                         PID    Runtime      # DAGs    # Errors  Last Runtime    Last Run               Last # of DB Queries
--------------------------------------------------------------------------------  -----  ---------  --------  ----------  --------------  -------------------  ----------------------
/Users/sathya/Projects/Agentic-auto-ml/airflow/dags/logical_transform_etl_dag.py                           1           0  1.67s           2026-07-11T03:20:52                      10
================================================================================
[2026-07-11T08:51:23.686+0530] {manager.py:997} INFO - 
================================================================================
DAG File Processing Stats

File Path                                                                         PID    Runtime      # DAGs    # Errors  Last Runtime    Last Run               Last # of DB Queries
--------------------------------------------------------------------------------  -----  ---------  --------  ----------  --------------  -------------------  ----------------------
/Users/sathya/Projects/Agentic-auto-ml/airflow/dags/logical_transform_etl_dag.py                           1           0  1.50s           2026-07-11T03:21:23                      10
================================================================================
[2026-07-11T08:51:55.310+0530] {manager.py:997} INFO - 
================================================================================
DAG File Processing Stats

File Path                                                                         PID    Runtime      # DAGs    # Errors  Last Runtime    Last Run               Last # of DB Queries
--------------------------------------------------------------------------------  -----  ---------  --------  ----------  --------------  -------------------  ----------------------
/Users/sathya/Projects/Agentic-auto-ml/airflow/dags/logical_transform_etl_dag.py                           1           0  1.58s           2026-07-11T03:21:55                      10
================================================================================
[2026-07-11T08:52:27.118+0530] {manager.py:997} INFO - 
================================================================================
DAG File Processing Stats

File Path                                                                         PID    Runtime      # DAGs    # Errors  Last Runtime    Last Run               Last # of DB Queries
--------------------------------------------------------------------------------  -----  ---------  --------  ----------  --------------  -------------------  ----------------------
/Users/sathya/Projects/Agentic-auto-ml/airflow/dags/logical_transform_etl_dag.py                           1           0  1.76s           2026-07-11T03:22:27                      10
================================================================================
[2026-07-11T08:52:58.702+0530] {manager.py:997} INFO - 
================================================================================
DAG File Processing Stats

File Path                                                                         PID    Runtime      # DAGs    # Errors  Last Runtime    Last Run               Last # of DB Queries
--------------------------------------------------------------------------------  -----  ---------  --------  ----------  --------------  -------------------  ----------------------
/Users/sathya/Projects/Agentic-auto-ml/airflow/dags/logical_transform_etl_dag.py                           1           0  1.53s           2026-07-11T03:22:58                      10
================================================================================
[2026-07-11T08:53:30.378+0530] {manager.py:997} INFO - 
================================================================================
DAG File Processing Stats

File Path                                                                         PID    Runtime      # DAGs    # Errors  Last Runtime    Last Run               Last # of DB Queries
--------------------------------------------------------------------------------  -----  ---------  --------  ----------  --------------  -------------------  ----------------------
/Users/sathya/Projects/Agentic-auto-ml/airflow/dags/logical_transform_etl_dag.py                           1           0  1.63s           2026-07-11T03:23:30                      10
================================================================================
[2026-07-11T08:54:01.950+0530] {manager.py:997} INFO - 
================================================================================
DAG File Processing Stats

File Path                                                                         PID    Runtime      # DAGs    # Errors  Last Runtime    Last Run               Last # of DB Queries
--------------------------------------------------------------------------------  -----  ---------  --------  ----------  --------------  -------------------  ----------------------
/Users/sathya/Projects/Agentic-auto-ml/airflow/dags/logical_transform_etl_dag.py                           1           0  1.52s           2026-07-11T03:24:01                      10
================================================================================
[2026-07-11T08:54:33.526+0530] {manager.py:997} INFO - 
================================================================================
DAG File Processing Stats

File Path                                                                         PID    Runtime      # DAGs    # Errors  Last Runtime    Last Run               Last # of DB Queries
--------------------------------------------------------------------------------  -----  ---------  --------  ----------  --------------  -------------------  ----------------------
/Users/sathya/Projects/Agentic-auto-ml/airflow/dags/logical_transform_etl_dag.py                           1           0  1.53s           2026-07-11T03:24:33                      10
================================================================================
[2026-07-11T08:55:05.049+0530] {manager.py:997} INFO - 
================================================================================
DAG File Processing Stats

File Path                                                                         PID    Runtime      # DAGs    # Errors  Last Runtime    Last Run               Last # of DB Queries
--------------------------------------------------------------------------------  -----  ---------  --------  ----------  --------------  -------------------  ----------------------
/Users/sathya/Projects/Agentic-auto-ml/airflow/dags/logical_transform_etl_dag.py                           1           0  1.48s           2026-07-11T03:25:05                      10
================================================================================
[2026-07-11T08:55:10.076+0530] {manager.py:821} INFO - Searching for files in /Users/sathya/Projects/Agentic-auto-ml/airflow/dags
[2026-07-11T08:55:10.078+0530] {manager.py:824} INFO - There are 1 files in /Users/sathya/Projects/Agentic-auto-ml/airflow/dags
[2026-07-11T08:55:36.612+0530] {manager.py:997} INFO - 
================================================================================
DAG File Processing Stats

File Path                                                                         PID    Runtime      # DAGs    # Errors  Last Runtime    Last Run               Last # of DB Queries
--------------------------------------------------------------------------------  -----  ---------  --------  ----------  --------------  -------------------  ----------------------
/Users/sathya/Projects/Agentic-auto-ml/airflow/dags/logical_transform_etl_dag.py                           1           0  1.52s           2026-07-11T03:25:36                      10
================================================================================
[2026-07-11T08:56:08.170+0530] {manager.py:997} INFO - 
================================================================================
DAG File Processing Stats

File Path                                                                         PID    Runtime      # DAGs    # Errors  Last Runtime    Last Run               Last # of DB Queries
--------------------------------------------------------------------------------  -----  ---------  --------  ----------  --------------  -------------------  ----------------------
/Users/sathya/Projects/Agentic-auto-ml/airflow/dags/logical_transform_etl_dag.py                           1           0  1.51s           2026-07-11T03:26:08                      10
================================================================================
[2026-07-11T08:56:39.990+0530] {manager.py:997} INFO - 
================================================================================
DAG File Processing Stats

File Path                                                                         PID    Runtime      # DAGs    # Errors  Last Runtime    Last Run               Last # of DB Queries
--------------------------------------------------------------------------------  -----  ---------  --------  ----------  --------------  -------------------  ----------------------
/Users/sathya/Projects/Agentic-auto-ml/airflow/dags/logical_transform_etl_dag.py                           1           0  1.77s           2026-07-11T03:26:39                      10
================================================================================
[2026-07-11T08:57:11.628+0530] {manager.py:997} INFO - 
================================================================================
DAG File Processing Stats

File Path                                                                         PID    Runtime      # DAGs    # Errors  Last Runtime    Last Run               Last # of DB Queries
--------------------------------------------------------------------------------  -----  ---------  --------  ----------  --------------  -------------------  ----------------------
/Users/sathya/Projects/Agentic-auto-ml/airflow/dags/logical_transform_etl_dag.py                           1           0  1.58s           2026-07-11T03:27:11                      10
================================================================================
[2026-07-11T08:57:43.216+0530] {manager.py:997} INFO - 
================================================================================
DAG File Processing Stats

File Path                                                                         PID    Runtime      # DAGs    # Errors  Last Runtime    Last Run               Last # of DB Queries
--------------------------------------------------------------------------------  -----  ---------  --------  ----------  --------------  -------------------  ----------------------
/Users/sathya/Projects/Agentic-auto-ml/airflow/dags/logical_transform_etl_dag.py                           1           0  1.54s           2026-07-11T03:27:43                      10
================================================================================
[2026-07-11T08:58:14.527+0530] {manager.py:997} INFO - 
================================================================================
DAG File Processing Stats

File Path                                                                         PID    Runtime      # DAGs    # Errors  Last Runtime    Last Run               Last # of DB Queries
--------------------------------------------------------------------------------  -----  ---------  --------  ----------  --------------  -------------------  ----------------------
/Users/sathya/Projects/Agentic-auto-ml/airflow/dags/logical_transform_etl_dag.py                           1           0  1.27s           2026-07-11T03:28:14                      10
================================================================================
[2026-07-11T08:58:46.028+0530] {manager.py:997} INFO - 
================================================================================
DAG File Processing Stats

File Path                                                                         PID    Runtime      # DAGs    # Errors  Last Runtime    Last Run               Last # of DB Queries
--------------------------------------------------------------------------------  -----  ---------  --------  ----------  --------------  -------------------  ----------------------
/Users/sathya/Projects/Agentic-auto-ml/airflow/dags/logical_transform_etl_dag.py                           1           0  1.46s           2026-07-11T03:28:46                      10
================================================================================
[2026-07-11T08:59:17.478+0530] {manager.py:997} INFO - 
================================================================================
DAG File Processing Stats

File Path                                                                         PID    Runtime      # DAGs    # Errors  Last Runtime    Last Run               Last # of DB Queries
--------------------------------------------------------------------------------  -----  ---------  --------  ----------  --------------  -------------------  ----------------------
/Users/sathya/Projects/Agentic-auto-ml/airflow/dags/logical_transform_etl_dag.py                           1           0  1.40s           2026-07-11T03:29:17                      10
================================================================================
[2026-07-11T08:59:48.967+0530] {manager.py:997} INFO - 
================================================================================
DAG File Processing Stats

File Path                                                                         PID    Runtime      # DAGs    # Errors  Last Runtime    Last Run               Last # of DB Queries
--------------------------------------------------------------------------------  -----  ---------  --------  ----------  --------------  -------------------  ----------------------
/Users/sathya/Projects/Agentic-auto-ml/airflow/dags/logical_transform_etl_dag.py                           1           0  1.44s           2026-07-11T03:29:48                      10
================================================================================
[2026-07-11T09:00:10.079+0530] {manager.py:821} INFO - Searching for files in /Users/sathya/Projects/Agentic-auto-ml/airflow/dags
[2026-07-11T09:00:10.082+0530] {manager.py:824} INFO - There are 1 files in /Users/sathya/Projects/Agentic-auto-ml/airflow/dags
[2026-07-11T09:00:20.511+0530] {manager.py:997} INFO - 
================================================================================
DAG File Processing Stats

File Path                                                                         PID    Runtime      # DAGs    # Errors  Last Runtime    Last Run               Last # of DB Queries
--------------------------------------------------------------------------------  -----  ---------  --------  ----------  --------------  -------------------  ----------------------
/Users/sathya/Projects/Agentic-auto-ml/airflow/dags/logical_transform_etl_dag.py                           1           0  1.50s           2026-07-11T03:30:20                      10
================================================================================
[2026-07-11T09:00:51.933+0530] {manager.py:997} INFO - 
================================================================================
DAG File Processing Stats

File Path                                                                         PID    Runtime      # DAGs    # Errors  Last Runtime    Last Run               Last # of DB Queries
--------------------------------------------------------------------------------  -----  ---------  --------  ----------  --------------  -------------------  ----------------------
/Users/sathya/Projects/Agentic-auto-ml/airflow/dags/logical_transform_etl_dag.py                           1           0  1.37s           2026-07-11T03:30:51                      10
================================================================================
[2026-07-11T09:01:23.366+0530] {manager.py:997} INFO - 
================================================================================
DAG File Processing Stats

File Path                                                                         PID    Runtime      # DAGs    # Errors  Last Runtime    Last Run               Last # of DB Queries
--------------------------------------------------------------------------------  -----  ---------  --------  ----------  --------------  -------------------  ----------------------
/Users/sathya/Projects/Agentic-auto-ml/airflow/dags/logical_transform_etl_dag.py                           1           0  1.39s           2026-07-11T03:31:23                      10
================================================================================
[2026-07-11T09:01:54.811+0530] {manager.py:997} INFO - 
================================================================================
DAG File Processing Stats

File Path                                                                         PID    Runtime      # DAGs    # Errors  Last Runtime    Last Run               Last # of DB Queries
--------------------------------------------------------------------------------  -----  ---------  --------  ----------  --------------  -------------------  ----------------------
/Users/sathya/Projects/Agentic-auto-ml/airflow/dags/logical_transform_etl_dag.py                           1           0  1.40s           2026-07-11T03:31:54                      10
================================================================================
[2026-07-11T09:02:26.264+0530] {manager.py:997} INFO - 
================================================================================
DAG File Processing Stats

File Path                                                                         PID    Runtime      # DAGs    # Errors  Last Runtime    Last Run               Last # of DB Queries
--------------------------------------------------------------------------------  -----  ---------  --------  ----------  --------------  -------------------  ----------------------
/Users/sathya/Projects/Agentic-auto-ml/airflow/dags/logical_transform_etl_dag.py                           1           0  1.40s           2026-07-11T03:32:26                      10
================================================================================
[2026-07-11T09:02:57.752+0530] {manager.py:997} INFO - 
================================================================================
DAG File Processing Stats

File Path                                                                         PID    Runtime      # DAGs    # Errors  Last Runtime    Last Run               Last # of DB Queries
--------------------------------------------------------------------------------  -----  ---------  --------  ----------  --------------  -------------------  ----------------------
/Users/sathya/Projects/Agentic-auto-ml/airflow/dags/logical_transform_etl_dag.py                           1           0  1.44s           2026-07-11T03:32:57                      10
================================================================================
[2026-07-11T09:03:29.256+0530] {manager.py:997} INFO - 
================================================================================
DAG File Processing Stats

File Path                                                                         PID    Runtime      # DAGs    # Errors  Last Runtime    Last Run               Last # of DB Queries
--------------------------------------------------------------------------------  -----  ---------  --------  ----------  --------------  -------------------  ----------------------
/Users/sathya/Projects/Agentic-auto-ml/airflow/dags/logical_transform_etl_dag.py                           1           0  1.46s           2026-07-11T03:33:29                      10
================================================================================
[2026-07-11T09:04:00.774+0530] {manager.py:997} INFO - 
================================================================================
DAG File Processing Stats

File Path                                                                         PID    Runtime      # DAGs    # Errors  Last Runtime    Last Run               Last # of DB Queries
--------------------------------------------------------------------------------  -----  ---------  --------  ----------  --------------  -------------------  ----------------------
/Users/sathya/Projects/Agentic-auto-ml/airflow/dags/logical_transform_etl_dag.py                           1           0  1.47s           2026-07-11T03:34:00                      10
================================================================================
[2026-07-11T09:04:32.201+0530] {manager.py:997} INFO - 
================================================================================
DAG File Processing Stats

File Path                                                                         PID    Runtime      # DAGs    # Errors  Last Runtime    Last Run               Last # of DB Queries
--------------------------------------------------------------------------------  -----  ---------  --------  ----------  --------------  -------------------  ----------------------
/Users/sathya/Projects/Agentic-auto-ml/airflow/dags/logical_transform_etl_dag.py                           1           0  1.38s           2026-07-11T03:34:32                      10
================================================================================
[2026-07-11T09:05:03.643+0530] {manager.py:997} INFO - 
================================================================================
DAG File Processing Stats

File Path                                                                         PID    Runtime      # DAGs    # Errors  Last Runtime    Last Run               Last # of DB Queries
--------------------------------------------------------------------------------  -----  ---------  --------  ----------  --------------  -------------------  ----------------------
/Users/sathya/Projects/Agentic-auto-ml/airflow/dags/logical_transform_etl_dag.py                           1           0  1.39s           2026-07-11T03:35:03                      10
================================================================================
[2026-07-11T09:05:10.712+0530] {manager.py:821} INFO - Searching for files in /Users/sathya/Projects/Agentic-auto-ml/airflow/dags
[2026-07-11T09:05:10.715+0530] {manager.py:824} INFO - There are 1 files in /Users/sathya/Projects/Agentic-auto-ml/airflow/dags
[2026-07-11T09:05:35.112+0530] {manager.py:997} INFO - 
================================================================================
DAG File Processing Stats

File Path                                                                         PID    Runtime      # DAGs    # Errors  Last Runtime    Last Run               Last # of DB Queries
--------------------------------------------------------------------------------  -----  ---------  --------  ----------  --------------  -------------------  ----------------------
/Users/sathya/Projects/Agentic-auto-ml/airflow/dags/logical_transform_etl_dag.py                           1           0  1.42s           2026-07-11T03:35:35                      10
================================================================================
[2026-07-11T09:06:06.576+0530] {manager.py:997} INFO - 
================================================================================
DAG File Processing Stats

File Path                                                                         PID    Runtime      # DAGs    # Errors  Last Runtime    Last Run               Last # of DB Queries
--------------------------------------------------------------------------------  -----  ---------  --------  ----------  --------------  -------------------  ----------------------
/Users/sathya/Projects/Agentic-auto-ml/airflow/dags/logical_transform_etl_dag.py                           1           0  1.42s           2026-07-11T03:36:06                      10
================================================================================
[2026-07-11T09:06:38.071+0530] {manager.py:997} INFO - 
================================================================================
DAG File Processing Stats

File Path                                                                         PID    Runtime      # DAGs    # Errors  Last Runtime    Last Run               Last # of DB Queries
--------------------------------------------------------------------------------  -----  ---------  --------  ----------  --------------  -------------------  ----------------------
/Users/sathya/Projects/Agentic-auto-ml/airflow/dags/logical_transform_etl_dag.py                           1           0  1.44s           2026-07-11T03:36:38                      10
================================================================================
[2026-07-11T09:07:09.517+0530] {manager.py:997} INFO - 
================================================================================
DAG File Processing Stats

File Path                                                                         PID    Runtime      # DAGs    # Errors  Last Runtime    Last Run               Last # of DB Queries
--------------------------------------------------------------------------------  -----  ---------  --------  ----------  --------------  -------------------  ----------------------
/Users/sathya/Projects/Agentic-auto-ml/airflow/dags/logical_transform_etl_dag.py                           1           0  1.40s           2026-07-11T03:37:09                      10
================================================================================
[2026-07-11T09:07:40.858+0530] {manager.py:997} INFO - 
================================================================================
DAG File Processing Stats

File Path                                                                         PID    Runtime      # DAGs    # Errors  Last Runtime    Last Run               Last # of DB Queries
--------------------------------------------------------------------------------  -----  ---------  --------  ----------  --------------  -------------------  ----------------------
/Users/sathya/Projects/Agentic-auto-ml/airflow/dags/logical_transform_etl_dag.py                           1           0  1.29s           2026-07-11T03:37:40                      10
================================================================================
[2026-07-11T09:08:12.506+0530] {manager.py:997} INFO - 
================================================================================
DAG File Processing Stats

File Path                                                                         PID    Runtime      # DAGs    # Errors  Last Runtime    Last Run               Last # of DB Queries
--------------------------------------------------------------------------------  -----  ---------  --------  ----------  --------------  -------------------  ----------------------
/Users/sathya/Projects/Agentic-auto-ml/airflow/dags/logical_transform_etl_dag.py                           1           0  1.60s           2026-07-11T03:38:12                      10
================================================================================
[2026-07-11T09:08:43.859+0530] {manager.py:997} INFO - 
================================================================================
DAG File Processing Stats

File Path                                                                         PID    Runtime      # DAGs    # Errors  Last Runtime    Last Run               Last # of DB Queries
--------------------------------------------------------------------------------  -----  ---------  --------  ----------  --------------  -------------------  ----------------------
/Users/sathya/Projects/Agentic-auto-ml/airflow/dags/logical_transform_etl_dag.py                           1           0  1.30s           2026-07-11T03:38:43                      10
================================================================================
[2026-07-11T09:09:14.865+0530] {manager.py:997} INFO - 
================================================================================
DAG File Processing Stats

File Path                                                                         PID    Runtime      # DAGs    # Errors  Last Runtime    Last Run               Last # of DB Queries
--------------------------------------------------------------------------------  -----  ---------  --------  ----------  --------------  -------------------  ----------------------
/Users/sathya/Projects/Agentic-auto-ml/airflow/dags/logical_transform_etl_dag.py                           1           0  0.95s           2026-07-11T03:39:14                      10
================================================================================
[2026-07-11T09:09:46.031+0530] {manager.py:997} INFO - 
================================================================================
DAG File Processing Stats

File Path                                                                         PID    Runtime      # DAGs    # Errors  Last Runtime    Last Run               Last # of DB Queries
--------------------------------------------------------------------------------  -----  ---------  --------  ----------  --------------  -------------------  ----------------------
/Users/sathya/Projects/Agentic-auto-ml/airflow/dags/logical_transform_etl_dag.py                           1           0  1.12s           2026-07-11T03:39:46                      10
================================================================================
[2026-07-11T09:12:24.021+0530] {manager.py:465} INFO - Exiting gracefully upon receiving signal 15
[2026-07-11T09:12:25.238+0530] {manager.py:483} INFO - Processing files using up to 1 processes at a time 
[2026-07-11T09:12:25.238+0530] {manager.py:484} INFO - Process each file at most once every 30 seconds
[2026-07-11T09:12:25.238+0530] {manager.py:485} INFO - Checking for new files in /Users/sathya/Projects/Agentic-auto-ml/airflow/dags every 300 seconds
[2026-07-11T09:12:25.238+0530] {manager.py:821} INFO - Searching for files in /Users/sathya/Projects/Agentic-auto-ml/airflow/dags
[2026-07-11T09:12:25.240+0530] {manager.py:824} INFO - There are 1 files in /Users/sathya/Projects/Agentic-auto-ml/airflow/dags
[2026-07-11T09:12:26.425+0530] {manager.py:997} INFO - 
================================================================================
DAG File Processing Stats

File Path                                                                         PID    Runtime      # DAGs    # Errors  Last Runtime    Last Run               Last # of DB Queries
--------------------------------------------------------------------------------  -----  ---------  --------  ----------  --------------  -------------------  ----------------------
/Users/sathya/Projects/Agentic-auto-ml/airflow/dags/logical_transform_etl_dag.py                           1           0  1.11s           2026-07-11T03:42:26                      18
================================================================================
[2026-07-11T09:12:58.107+0530] {manager.py:997} INFO - 
================================================================================
DAG File Processing Stats

File Path                                                                         PID    Runtime      # DAGs    # Errors  Last Runtime    Last Run               Last # of DB Queries
--------------------------------------------------------------------------------  -----  ---------  --------  ----------  --------------  -------------------  ----------------------
/Users/sathya/Projects/Agentic-auto-ml/airflow/dags/logical_transform_etl_dag.py                           1           0  1.51s           2026-07-11T03:42:58                      10
================================================================================
[2026-07-11T09:13:30.431+0530] {manager.py:997} INFO - 
================================================================================
DAG File Processing Stats

File Path                                                                         PID    Runtime      # DAGs    # Errors  Last Runtime    Last Run               Last # of DB Queries
--------------------------------------------------------------------------------  -----  ---------  --------  ----------  --------------  -------------------  ----------------------
/Users/sathya/Projects/Agentic-auto-ml/airflow/dags/logical_transform_etl_dag.py                           1           0  1.65s           2026-07-11T03:43:30                      10
================================================================================
[2026-07-11T09:14:02.079+0530] {manager.py:997} INFO - 
================================================================================
DAG File Processing Stats

File Path                                                                         PID    Runtime      # DAGs    # Errors  Last Runtime    Last Run               Last # of DB Queries
--------------------------------------------------------------------------------  -----  ---------  --------  ----------  --------------  -------------------  ----------------------
/Users/sathya/Projects/Agentic-auto-ml/airflow/dags/logical_transform_etl_dag.py                           1           0  1.50s           2026-07-11T03:44:02                      10
================================================================================
[2026-07-11T09:14:33.869+0530] {manager.py:997} INFO - 
================================================================================
DAG File Processing Stats

File Path                                                                         PID    Runtime      # DAGs    # Errors  Last Runtime    Last Run               Last # of DB Queries
--------------------------------------------------------------------------------  -----  ---------  --------  ----------  --------------  -------------------  ----------------------
/Users/sathya/Projects/Agentic-auto-ml/airflow/dags/logical_transform_etl_dag.py                           1           0  1.65s           2026-07-11T03:44:33                      10
================================================================================
[2026-07-11T09:15:05.583+0530] {manager.py:997} INFO - 
================================================================================
DAG File Processing Stats

File Path                                                                         PID    Runtime      # DAGs    # Errors  Last Runtime    Last Run               Last # of DB Queries
--------------------------------------------------------------------------------  -----  ---------  --------  ----------  --------------  -------------------  ----------------------
/Users/sathya/Projects/Agentic-auto-ml/airflow/dags/logical_transform_etl_dag.py                           1           0  1.57s           2026-07-11T03:45:05                      10
================================================================================
[2026-07-11T09:15:37.034+0530] {manager.py:997} INFO - 
================================================================================
DAG File Processing Stats

File Path                                                                         PID    Runtime      # DAGs    # Errors  Last Runtime    Last Run               Last # of DB Queries
--------------------------------------------------------------------------------  -----  ---------  --------  ----------  --------------  -------------------  ----------------------
/Users/sathya/Projects/Agentic-auto-ml/airflow/dags/logical_transform_etl_dag.py                           1           0  1.38s           2026-07-11T03:45:37                      10
================================================================================
[2026-07-11T09:16:08.566+0530] {manager.py:997} INFO - 
================================================================================
DAG File Processing Stats

File Path                                                                         PID    Runtime      # DAGs    # Errors  Last Runtime    Last Run               Last # of DB Queries
--------------------------------------------------------------------------------  -----  ---------  --------  ----------  --------------  -------------------  ----------------------
/Users/sathya/Projects/Agentic-auto-ml/airflow/dags/logical_transform_etl_dag.py                           1           0  1.47s           2026-07-11T03:46:08                      10
================================================================================
[2026-07-11T09:21:16.267+0530] {manager.py:465} INFO - Exiting gracefully upon receiving signal 15
